// 重构日志: f8f2dbe4
// 重构日志: e04d62d8
// 重构日志: 9a1afd06
// 重构日志: a17cb24c
// 同步 ID: 3954688f @ Sun Jul 26 01:08:00 UTC 2026
// 重构日志: 336eac6d
// 同步 ID: f02da558 @ Sun Jul 26 14:35:03 UTC 2026
// 重构日志: 90beb422
// 重构日志: 38216b2c
// 同步 ID: 1b4543c1 @ Mon Jul 27 08:10:19 UTC 2026
// 重构日志: 34660939
// 重构日志: 88e80602
// 同步 ID: a11f88e7 @ Thu Jul 30 18:52:52 UTC 2026
// 重构日志: 4a103545
// 同步 ID: 111f3a1c @ Fri Jul 31 16:16:05 UTC 2026
// 重构日志: d476756c
// 重构日志: 215f66da
// 同步 ID: 364e8c31 @ Sun Aug  2 01:25:34 UTC 2026
// 重构日志: 5a810b34
// 重构日志: c6b78111
// 重构日志: 2d0aca16
// 重构日志: 2ae50f8b
// 同步 ID: e066c4e2 @ Tue Aug  4 10:54:00 UTC 2026
// 重构日志: 913c0e8d
// 重构日志: 84a01c24
// 重构日志: 8570b382
// 重构日志: 34f35aa0
// 重构日志: 995e9a93
// 重构日志: b46e185d
// 同步 ID: df172251 @ Sat Aug  8 06:41:41 UTC 2026
